../Drivers/STM32L5xx_HAL_Driver/Inc/stm32l5xx_ll_bus.h:433:22:void LL_AHB2_GRP1_EnableClock(uint32_t)	24	static
../Drivers/STM32L5xx_HAL_Driver/Inc/stm32l5xx_ll_bus.h:914:22:void LL_APB1_GRP2_EnableClock(uint32_t)	24	static
../Core/Src/main.cpp:79:5:int main()	8	static
../Core/Src/main.cpp:129:6:void SystemClock_Config()	104	static
../Core/Src/main.cpp:188:13:void MX_ADC1_Init()	48	static
../Core/Src/main.cpp:255:13:void MX_LPUART1_UART_Init()	8	static
../Core/Src/main.cpp:351:13:void MX_RTC_Init()	32	static
../Core/Src/main.cpp:398:13:void MX_UCPD1_Init()	32	static
../Core/Src/main.cpp:440:13:void MX_USB_PCD_Init()	8	static
../Core/Src/main.cpp:473:13:void MX_GPIO_Init()	48	static
../Core/Src/main.cpp:530:6:void Error_Handler()	4	static,ignoring_inline_asm
